'Series of tests for 0-add_integer'

>>> add_integer = __import__("0-add_integer").add_integer

>>> add_integer(2)
100

>>> add_integer(5, 5)
10

>>> add_integer(10, -5)
5

>>> add_integer(14.4, 6)
20

>>> add_integer(4, "hello")
Traceback (most recent call last):
    ...
TypeError: b must be an integer

>>> add_integer(None)
Traceback (most recent call last):
    ...
TypeError: a must be an integer

>>> add_integer(float('nan'))
Traceback (most recent call last):
    ...
ValueError: cannot convert float NaN to integer

>>> add_integer(float('inf'))
Traceback (most recent call last):
    ...
OverflowError: cannot convert float infinity to integer