Test for 4-print_square module
>>> print_square = __import__("4-print_square").print_square

>>> print_square(3)
###
###
###

>>> print_square(5)
#####
#####
#####
#####
#####

>>> print_square("hello!")
Traceback (most recent call last):
    ...
TypeError: size must be an integer

>>> print_square(-42)
Traceback (most recent call last):
    ...
TypeError: size must be >= 0

>>> print_square()
Traceback (most recent call last):
    ...
TypeError: print_square() missing 1 required positional argument: 'size'

>>> print_square(3.14)
Traceback (most recent call last):
    ...
TypeError: size must be an integer